Microchip MPLAB XC8 Compiler V1.44 ()

Linker command line:

-W-3 --edf=C:\Program Files (x86)\Microchip\xc8\v1.44\dat\en_msgs.txt -cs \
  -h+dist/default/debug\iCabHw.X.debug.sym \
  --cmf=dist/default/debug\iCabHw.X.debug.cmf -z -Q18F2550 \
  -oC:\Users\thys_\AppData\Local\Temp\s9qc.2 \
  -Mdist/default/debug/iCabHw.X.debug.map -E1 -ver=XC8 -ASTACK=0400h-07ffh \
  -pstack=STACK -ACODE=00h-07CFFh -ACONST=00h-07CFFh \
  -ASMALLCONST=0800h-08FFhx117 -AMEDIUMCONST=0800h-07CFFh -ACOMRAM=01h-05Fh \
  -AABS1=00h-03EEh,0400h-07FFh -ABIGRAM=01h-03EEh,0400h-07FFh \
  -ARAM=060h-0FFh,0100h-01FFhx2,0300h-03EEh,0400h-04FFhx4 -ABANK0=060h-0FFh \
  -ABANK1=0100h-01FFh -ABANK2=0200h-02FFh -ABANK3=0300h-03EEh \
  -ABANK4=0400h-04FFh -ABANK5=0500h-05FFh -ABANK6=0600h-06FFh \
  -ABANK7=0700h-07FFh \
  -ASFR=0F60h-0F9Bh,0F9Dh-0FD3h,0FD5h-0FDAh,0FE0h-0FE2h,0FE8h-0FEAh,0FF0h-0FFBh \
  -preset_vec=00h,intcode=08h,intcodelo=018h,powerup,init -pramtop=0800h \
  -psmallconst=SMALLCONST -pmediumconst=MEDIUMCONST -pconst=CONST \
  -AFARRAM=00h-00h -ACONFIG=0300000h-030000Dh -pconfig=CONFIG \
  -AIDLOC=0200000h-0200007h -pidloc=IDLOC -AEEDATA=0F00000h-0F000FFh \
  -peeprom_data=EEDATA \
  -prdata=COMRAM,nvrram=COMRAM,nvbit=COMRAM,rbss=COMRAM,rbit=COMRAM \
  -pfarbss=FARRAM,fardata=FARRAM,nvFARRAM=FARRAM \
  -pintsave_regs=BIGRAM,bigbss=BIGRAM,bigdata=BIGRAM -pbss=RAM \
  -pidata=CODE,irdata=CODE,ibigdata=CODE,ifardata=CODE -prparam=COMRAM \
  C:\Users\thys_\AppData\Local\Temp\s9qc.obj \
  dist/default/debug\iCabHw.X.debug.obj 

Object code version is 3.11

Machine type is 18F2550

Call graph: (short form)




                Name                               Link     Load   Length Selector   Space Scale
C:\Users\thys_\AppData\Local\Temp\s9qc.obj
                init                                 EC       EC        4        C       0
                reset_vec                             0        0        6        0       0
                idloc                            200000   200000        8   200000       0
                config                           300000   300000        E   300000       0
dist/default/debug\iCabHw.X.debug.obj
                intcodelo                            18       18       D4        C       0
                intcode                               8        8        6        4       0
                temp                                 44       44        1        1       1
                smallconst                          800      800       4A      400       0
                text30                              D50      D50      18A      425       0
                intcode_body                       12CE     12CE       B6      425       0
                text27                             14EA     14EA       A0      425       0
                text26                             175C     175C       54      425       0
                text25                             184C     184C       44      425       0
                text24                             18EE     18EE       28      425       0
                text23                              AF8      AF8      258      425       0
                text22                             111A     111A       E0      425       0
                text21                             16FC     16FC       60      425       0
                text20                             102C     102C       EE      425       0
                text19                             1384     1384       B4      425       0
                text18                             19BE     19BE       1E      425       0
                text17                             19A0     19A0       1E      425       0
                text16                             18C0     18C0       2E      425       0
                text15                             19F0     19F0       14      425       0
                text14                             193A     193A       24      425       0
                text13                             19DC     19DC       14      425       0
                text12                             1980     1980       20      425       0
                text11                             1690     1690       6C      425       0
                text10                             1916     1916       24      425       0
                text9                              158A     158A       84      425       0
                text8                              160E     160E       82      425       0
                text7                              1890     1890       30      425       0
                text6                              11FA     11FA       D4      425       0
                text5                               EDA      EDA      152      425       0
                text4                              1438     1438       B2      425       0
                text3                              195E     195E       22      425       0
                text2                              1A04     1A04        A      425       0
                text1                              17FE     17FE       4E      425       0
                text0                               84A      84A      2AE      425       0
                cstackCOMRAM                          1        1       28        1       1
                cstackBANK0                          C7       C7       2A       60       1
                bssBANK1                            100      100       A6      100       1
                dataBANK0                            F1       F1        8       60       1
                bssBANK0                             60       60       67       60       1
                bssCOMRAM                            29       29       1B        1       1
                cinit                              17B0     17B0       4E      425       0
                idataBANK0                         1A0E     1A0E        8      425       0

TOTAL           Name                               Link     Load   Length     Space
        CLASS   STACK          

        CLASS   CODE           
                intcodelo                            18       18       D4         0
                intcode                               8        8        6         0
                init                                 EC       EC        4         0
                reset_vec                             0        0        6         0
                text30                              D50      D50      18A         0
                intcode_body                       12CE     12CE       B6         0
                text27                             14EA     14EA       A0         0
                text26                             175C     175C       54         0
                text25                             184C     184C       44         0
                text24                             18EE     18EE       28         0
                text23                              AF8      AF8      258         0
                text22                             111A     111A       E0         0
                text21                             16FC     16FC       60         0
                text20                             102C     102C       EE         0
                text19                             1384     1384       B4         0
                text18                             19BE     19BE       1E         0
                text17                             19A0     19A0       1E         0
                text16                             18C0     18C0       2E         0
                text15                             19F0     19F0       14         0
                text14                             193A     193A       24         0
                text13                             19DC     19DC       14         0
                text12                             1980     1980       20         0
                text11                             1690     1690       6C         0
                text10                             1916     1916       24         0
                text9                              158A     158A       84         0
                text8                              160E     160E       82         0
                text7                              1890     1890       30         0
                text6                              11FA     11FA       D4         0
                text5                               EDA      EDA      152         0
                text4                              1438     1438       B2         0
                text3                              195E     195E       22         0
                text2                              1A04     1A04        A         0
                text1                              17FE     17FE       4E         0
                text0                               84A      84A      2AE         0
                cinit                              17B0     17B0       4E         0
                idataBANK0                         1A0E     1A0E        8         0

        CLASS   CONST          

        CLASS   SMALLCONST     
                smallconst                          800      800       4A         0

        CLASS   MEDIUMCONST    

        CLASS   COMRAM         
                temp                                 44       44        1         1
                cstackCOMRAM                          1        1       28         1
                bssCOMRAM                            29       29       1B         1

        CLASS   ABS1           

        CLASS   BIGRAM         

        CLASS   RAM            

        CLASS   BANK0          
                cstackBANK0                          C7       C7       2A         1
                dataBANK0                            F1       F1        8         1
                bssBANK0                             60       60       67         1

        CLASS   BANK1          
                bssBANK1                            100      100       A6         1

        CLASS   BANK2          

        CLASS   BANK3          

        CLASS   BANK4          

        CLASS   BANK5          

        CLASS   BANK6          

        CLASS   BANK7          

        CLASS   SFR            

        CLASS   FARRAM         

        CLASS   CONFIG         
                config                           300000   300000        E         0

        CLASS   IDLOC          
                idloc                            200000   200000        8         0

        CLASS   EEDATA         



SEGMENTS        Name                           Load    Length   Top    Selector   Space  Class

                reset_vec                      000000  000006  000006         0       0  CODE    
                cstackCOMRAM                   000001  000044  000045         1       1  COMRAM  
                intcode                        000008  000006  00000E         4       0  CODE    
                intcodelo                      000018  0000D8  0000F0         C       0  CODE    
                bssBANK0                       000060  000099  0000F9        60       1  BANK0   
                bssBANK1                       000100  0000A6  0001A6       100       1  BANK1   
                smallconst                     000800  00004A  00084A       400       0  SMALLCON
                text0                          00084A  0011CC  001A16       425       0  CODE    
                idloc                          200000  000008  200008    200000       0  IDLOC   
                config                         300000  00000E  30000E    300000       0  CONFIG  


UNUSED ADDRESS RANGES

        Name                Unused          Largest block    Delta
        BANK0            0000F9-0000FF                7
        BANK1            0001A6-0001FF               5A
        BANK2            000200-0002FF              100
        BANK3            000300-0003EE               EF
        BANK4            000400-0004FF              100
        BANK5            000500-0005FF              100
        BANK6            000600-0006FF              100
        BANK7            000700-0007FF              100
        BIGRAM           000045-00005F               1B
                         0000F9-0000FF                7
                         0001A6-0003EE              249
                         000400-0007FF              400
        CODE             000006-000007                2
                         00000E-000017                A
                         0000F0-0007FF              710
                         001A16-007CFF             62EA
        COMRAM           000045-00005F               1B
        CONST            000006-000007                2
                         00000E-000017                A
                         0000F0-0007FF              710
                         001A16-007CFF             62EA
        EEDATA           F00000-F000FF              100
        MEDIUMCONST      001A16-007CFF             62EA
        RAM              0000F9-0000FF                7
                         0001A6-0003EE              100
                         000400-0007FF              100
        SFR              000F60-000F9B               3C
                         000F9D-000FD3               37
                         000FD5-000FDA                6
                         000FE0-000FE2                3
                         000FE8-000FEA                3
                         000FF0-000FFB                C
        SMALLCONST       001A16-007CFF              100
        STACK            000400-0007FF              400

                                  Symbol Table

?_D_UART_Read                cstackBANK0  0000C7
?___lldiv                    cstackBANK0  0000C7
?___lwdiv                    cstackBANK0  0000C7
?___lwmod                    cstackBANK0  0000CE
?_printf                     cstackBANK0  0000D3
?_strcmp                     cstackBANK0  0000C7
C_DOOR_Init@cnt              cstackBANK0  0000CA
C_DOOR_Init@d                cstackBANK0  0000CB
C_DOOR_LockAll@d             cstackBANK0  0000CF
C_DOOR_ReadSensors@d         cstackBANK0  0000CB
C_DOOR_SendStates@com        cstackBANK0  0000E9
C_DOOR_SendStates@d          cstackBANK0  0000EE
C_DOOR_SendStates@mes        cstackBANK0  0000EC
C_DOOR_UnlockAll@d           cstackBANK0  0000CF
D_PWM_SetPwm@pwm             cstackBANK0  0000C7
D_TMR0_Enable@enable         cstackBANK0  0000C7
D_TMR1_Enable@enable         cstackBANK0  0000C7
D_UART_Acknowledge@i         cstackBANK0  0000E1
D_UART_Enable@enable         cstackBANK0  0000C7
D_UART_Init@baud             cstackBANK0  0000D6
D_UART_Init@interrupts       cstackBANK0  0000D8
D_UART_Init@name             cstackBANK0  0000D4
D_UART_Write@command         cstackBANK0  0000E1
D_UART_Write@data            cstackBANK0  0000E3
D_UART_WriteInt@command      cstackBANK0  0000E1
D_UART_WriteInt@d            cstackBANK0  0000E3
_ADCON1                      (abs)        000FC1
_BAUDCONbits                 (abs)        000FB8
_CCP1CONbits                 (abs)        000FBD
_CCPR1L                      (abs)        000FBE
_C_DOOR_Init                 text5        000EDA
_C_DOOR_LockAll              text4        001438
_C_DOOR_ReadSensors          text27       0014EA
_C_DOOR_SendStates           text20       00102C
_C_DOOR_UnlockAll            text19       001384
_D_PORT_Init                 text18       0019BE
_D_PWM_Init                  text17       0019A0
_D_PWM_SetPwm                text16       0018C0
_D_TMR0_Enable               text15       0019F0
_D_TMR0_Init                 text14       00193A
_D_TMR1_Enable               text13       0019DC
_D_TMR1_Init                 text12       001980
_D_UART_Acknowledge          text11       001690
_D_UART_Enable               text10       001916
_D_UART_Init                 text8        00160E
_D_UART_Read                 text7        001890
_D_UART_Write                text22       00111A
_D_UART_WriteInt             text6        0011FA
_HighISR                     intcode      000008
_INTCON2bits                 (abs)        000FF1
_INTCONbits                  (abs)        000FF2
_IPR1bits                    (abs)        000F9F
_LowISR                      intcodelo    000018
_PIE1bits                    (abs)        000F9D
_PIR1bits                    (abs)        000F9E
_PORTA                       (abs)        000F80
_PORTB                       (abs)        000F81
_PORTC                       (abs)        000F82
_PORTCbits                   (abs)        000F82
_PR2                         (abs)        000FCB
_RCONbits                    (abs)        000FD0
_RCREG                       (abs)        000FAE
_RCSTAbits                   (abs)        000FAB
_SPBRG                       (abs)        000FAF
_T0CONbits                   (abs)        000FD5
_T1CONbits                   (abs)        000FCD
_T2CONbits                   (abs)        000FCA
_TMR1H                       (abs)        000FCF
_TMR1L                       (abs)        000FCE
_TRISA                       (abs)        000F92
_TRISB                       (abs)        000F93
_TRISC                       (abs)        000F94
_TRISCbits                   (abs)        000F94
_TXREG                       (abs)        000FAD
_TXSTAbits                   (abs)        000FAC
__CFG_BOR$ON                 (abs)        000000
__CFG_BORV$3                 (abs)        000000
__CFG_CCP2MX$OFF             (abs)        000000
__CFG_CP0$OFF                (abs)        000000
__CFG_CP1$OFF                (abs)        000000
__CFG_CP2$OFF                (abs)        000000
__CFG_CP3$OFF                (abs)        000000
__CFG_CPB$OFF                (abs)        000000
__CFG_CPD$OFF                (abs)        000000
__CFG_CPUDIV$OSC1_PLL2       (abs)        000000
__CFG_EBTR0$OFF              (abs)        000000
__CFG_EBTR1$OFF              (abs)        000000
__CFG_EBTR2$OFF              (abs)        000000
__CFG_EBTR3$OFF              (abs)        000000
__CFG_EBTRB$OFF              (abs)        000000
__CFG_FCMEN$OFF              (abs)        000000
__CFG_FOSC$HS                (abs)        000000
__CFG_IESO$OFF               (abs)        000000
__CFG_LPT1OSC$OFF            (abs)        000000
__CFG_LVP$OFF                (abs)        000000
__CFG_MCLRE$ON               (abs)        000000
__CFG_PBADEN$OFF             (abs)        000000
__CFG_PLLDIV$5               (abs)        000000
__CFG_PWRT$OFF               (abs)        000000
__CFG_STVREN$OFF             (abs)        000000
__CFG_USBDIV$1               (abs)        000000
__CFG_VREGEN$OFF             (abs)        000000
__CFG_WDT$OFF                (abs)        000000
__CFG_WDTPS$32768            (abs)        000000
__CFG_WRT0$OFF               (abs)        000000
__CFG_WRT1$OFF               (abs)        000000
__CFG_WRT2$OFF               (abs)        000000
__CFG_WRT3$OFF               (abs)        000000
__CFG_WRTB$OFF               (abs)        000000
__CFG_WRTC$OFF               (abs)        000000
__CFG_WRTD$OFF               (abs)        000000
__CFG_XINST$OFF              (abs)        000000
__HRAM                       (abs)        000000
__Habs1                      abs1         000000
__Hbank0                     bank0        000000
__Hbank1                     bank1        000000
__Hbank2                     bank2        000000
__Hbank3                     bank3        000000
__Hbank4                     bank4        000000
__Hbank5                     bank5        000000
__Hbank6                     bank6        000000
__Hbank7                     bank7        000000
__Hbigbss                    bigbss       000000
__Hbigdata                   bigdata      000000
__Hbigram                    bigram       000000
__Hbss                       bss          000000
__HbssBANK0                  bssBANK0     000000
__HbssBANK1                  bssBANK1     000000
__HbssCOMRAM                 bssCOMRAM    000000
__Hcinit                     cinit        000000
__Hclrtext                   clrtext      000000
__Hcomram                    comram       000000
__Hconfig                    config       30000E
__Hconst                     const        000000
__HcstackBANK0               cstackBANK0  000000
__HcstackCOMRAM              cstackCOMRAM 000000
__Hdata                      data         000000
__HdataBANK0                 dataBANK0    000000
__Heeprom_data               eeprom_data  000000
__Hfarbss                    farbss       000000
__Hfardata                   fardata      000000
__Hibigdata                  ibigdata     000000
__Hidata                     idata        000000
__HidataBANK0                idataBANK0   000000
__Hidloc                     idloc        200008
__Hifardata                  ifardata     000000
__Hinit                      init         0000F0
__Hintcode                   intcode      00000E
__Hintcode_body              intcode_body 000000
__Hintcodelo                 intcodelo    0000EC
__Hintentry                  intentry     000000
__Hintret                    intret       000000
__Hintsave_regs              intsave_regs 000000
__Hirdata                    irdata       000000
__Hmediumconst               mediumconst  000000
__HnvFARRAM                  nvFARRAM     000000
__Hnvbit                     nvbit        000000
__Hnvrram                    nvrram       000000
__Hparam                     rparam       000000
__Hpowerup                   powerup      0000EC
__Hram                       ram          000000
__Hramtop                    ramtop       000800
__Hrbit                      rbit         000000
__Hrbss                      rbss         000000
__Hrdata                     rdata        000000
__Hreset_vec                 reset_vec    000006
__Hrparam                    rparam       000000
__Hsfr                       sfr          000000
__Hsmallconst                smallconst   00084A
__Hspace_0                   (abs)        30000E
__Hspace_1                   (abs)        0001A6
__Hspace_2                   (abs)        000000
__Hstack                     stack        000000
__Hstruct                    struct       000000
__Htemp                      temp         000045
__Htext                      text         000000
__Htext0                     text0        000000
__Htext1                     text1        000000
__Htext10                    text10       000000
__Htext11                    text11       000000
__Htext12                    text12       000000
__Htext13                    text13       000000
__Htext14                    text14       000000
__Htext15                    text15       000000
__Htext16                    text16       000000
__Htext17                    text17       000000
__Htext18                    text18       000000
__Htext19                    text19       000000
__Htext2                     text2        000000
__Htext20                    text20       000000
__Htext21                    text21       000000
__Htext22                    text22       000000
__Htext23                    text23       000000
__Htext24                    text24       000000
__Htext25                    text25       000000
__Htext26                    text26       000000
__Htext27                    text27       000000
__Htext3                     text3        000000
__Htext30                    text30       000000
__Htext4                     text4        000000
__Htext5                     text5        000000
__Htext6                     text6        000000
__Htext7                     text7        000000
__Htext8                     text8        000000
__Htext9                     text9        000000
__LRAM                       (abs)        000001
__Labs1                      abs1         000000
__Lbank0                     bank0        000000
__Lbank1                     bank1        000000
__Lbank2                     bank2        000000
__Lbank3                     bank3        000000
__Lbank4                     bank4        000000
__Lbank5                     bank5        000000
__Lbank6                     bank6        000000
__Lbank7                     bank7        000000
__Lbigbss                    bigbss       000000
__Lbigdata                   bigdata      000000
__Lbigram                    bigram       000000
__Lbss                       bss          000000
__LbssBANK0                  bssBANK0     000000
__LbssBANK1                  bssBANK1     000000
__LbssCOMRAM                 bssCOMRAM    000000
__Lcinit                     cinit        000000
__Lclrtext                   clrtext      000000
__Lcomram                    comram       000000
__Lconfig                    config       300000
__Lconst                     const        000000
__LcstackBANK0               cstackBANK0  000000
__LcstackCOMRAM              cstackCOMRAM 000000
__Ldata                      data         000000
__LdataBANK0                 dataBANK0    000000
__Leeprom_data               eeprom_data  000000
__Lfarbss                    farbss       000000
__Lfardata                   fardata      000000
__Libigdata                  ibigdata     000000
__Lidata                     idata        000000
__LidataBANK0                idataBANK0   000000
__Lidloc                     idloc        200000
__Lifardata                  ifardata     000000
__Linit                      init         0000EC
__Lintcode                   intcode      000008
__Lintcode_body              intcode_body 000000
__Lintcodelo                 intcodelo    000018
__Lintentry                  intentry     000000
__Lintret                    intret       000000
__Lintsave_regs              intsave_regs 000000
__Lirdata                    irdata       000000
__Lmediumconst               mediumconst  000000
__LnvFARRAM                  nvFARRAM     000000
__Lnvbit                     nvbit        000000
__Lnvrram                    nvrram       000000
__Lparam                     rparam       000000
__Lpowerup                   powerup      0000EC
__Lram                       ram          000000
__Lramtop                    ramtop       000800
__Lrbit                      rbit         000000
__Lrbss                      rbss         000000
__Lrdata                     rdata        000000
__Lreset_vec                 reset_vec    000000
__Lrparam                    rparam       000000
__Lsfr                       sfr          000000
__Lsmallconst                smallconst   000800
__Lspace_0                   (abs)        000000
__Lspace_1                   (abs)        000000
__Lspace_2                   (abs)        000000
__Lstack                     stack        000000
__Lstruct                    struct       000000
__Ltemp                      temp         000044
__Ltext                      text         000000
__Ltext0                     text0        000000
__Ltext1                     text1        000000
__Ltext10                    text10       000000
__Ltext11                    text11       000000
__Ltext12                    text12       000000
__Ltext13                    text13       000000
__Ltext14                    text14       000000
__Ltext15                    text15       000000
__Ltext16                    text16       000000
__Ltext17                    text17       000000
__Ltext18                    text18       000000
__Ltext19                    text19       000000
__Ltext2                     text2        000000
__Ltext20                    text20       000000
__Ltext21                    text21       000000
__Ltext22                    text22       000000
__Ltext23                    text23       000000
__Ltext24                    text24       000000
__Ltext25                    text25       000000
__Ltext26                    text26       000000
__Ltext27                    text27       000000
__Ltext3                     text3        000000
__Ltext30                    text30       000000
__Ltext4                     text4        000000
__Ltext5                     text5        000000
__Ltext6                     text6        000000
__Ltext7                     text7        000000
__Ltext8                     text8        000000
__Ltext9                     text9        000000
__S0                         (abs)        30000E
__S1                         (abs)        0001A6
__S2                         (abs)        000000
___inthi_sp                  stack        000000
___intlo_sp                  stack        000000
___lldiv                     text9        00158A
___lldiv@counter             cstackBANK0  0000D3
___lldiv@dividend            cstackBANK0  0000C7
___lldiv@divisor             cstackBANK0  0000CB
___lldiv@quotient            cstackBANK0  0000CF
___lwdiv                     text26       00175C
___lwdiv@counter             cstackBANK0  0000CB
___lwdiv@dividend            cstackBANK0  0000C7
___lwdiv@divisor             cstackBANK0  0000C9
___lwdiv@quotient            cstackBANK0  0000CC
___lwmod                     text25       00184C
___lwmod@counter             cstackBANK0  0000D2
___lwmod@dividend            cstackBANK0  0000CE
___lwmod@divisor             cstackBANK0  0000D0
___param_bank                (abs)        000000
___rparam_used               (abs)        000001
___sp                        stack        000000
__accesstop                  (abs)        000060
__activetblptr               (abs)        000003
__end_of_C_DOOR_Init         text5        00102C
__end_of_C_DOOR_LockAll      text4        0014EA
__end_of_C_DOOR_ReadSensors  text27       00158A
__end_of_C_DOOR_SendStates   text20       00111A
__end_of_C_DOOR_UnlockAll    text19       001438
__end_of_D_PORT_Init         text18       0019DC
__end_of_D_PWM_Init          text17       0019BE
__end_of_D_PWM_SetPwm        text16       0018EE
__end_of_D_TMR0_Enable       text15       001A04
__end_of_D_TMR0_Init         text14       00195E
__end_of_D_TMR1_Enable       text13       0019F0
__end_of_D_TMR1_Init         text12       0019A0
__end_of_D_UART_Acknowledge  text11       0016FC
__end_of_D_UART_Enable       text10       00193A
__end_of_D_UART_Init         text8        001690
__end_of_D_UART_Read         text7        0018C0
__end_of_D_UART_Write        text22       0011FA
__end_of_D_UART_WriteInt     text6        0012CE
__end_of_HighISR             intcode_body 001384
__end_of_LowISR              intcodelo    0000EC
__end_of___lldiv             text9        00160E
__end_of___lwdiv             text26       0017B0
__end_of___lwmod             text25       001890
__end_of__initialization     cinit        0017F4
__end_of_commandAndMessage   text21       00175C
__end_of_dpowers             smallconst   00080B
__end_of_fillDataBuffer      text30       000EDA
__end_of_hexpowers           smallconst   000813
__end_of_initDoors           text3        001980
__end_of_main                text0        000AF8
__end_of_printf              text23       000D50
__end_of_putch               text24       001916
__end_of_setAlarm            text2        001A0E
__end_of_strcmp              text1        00184C
__initialization             cinit        0017B0
__mediumconst                mediumconst  000000
__pbssBANK0                  bssBANK0     000060
__pbssBANK1                  bssBANK1     000100
__pbssCOMRAM                 bssCOMRAM    000029
__pcinit                     cinit        0017B0
__pcstackBANK0               cstackBANK0  0000C7
__pcstackCOMRAM              cstackCOMRAM 000001
__pdataBANK0                 dataBANK0    0000F1
__pidataBANK0                idataBANK0   001A0E
__pintcode                   intcode      000008
__pintcode_body              intcode_body 0012CE
__pintcodelo                 intcodelo    000018
__psmallconst                smallconst   000800
__ptext0                     text0        00084A
__ptext1                     text1        0017FE
__ptext10                    text10       001916
__ptext11                    text11       001690
__ptext12                    text12       001980
__ptext13                    text13       0019DC
__ptext14                    text14       00193A
__ptext15                    text15       0019F0
__ptext16                    text16       0018C0
__ptext17                    text17       0019A0
__ptext18                    text18       0019BE
__ptext19                    text19       001384
__ptext2                     text2        001A04
__ptext20                    text20       00102C
__ptext21                    text21       0016FC
__ptext22                    text22       00111A
__ptext23                    text23       000AF8
__ptext24                    text24       0018EE
__ptext25                    text25       00184C
__ptext26                    text26       00175C
__ptext27                    text27       0014EA
__ptext3                     text3        00195E
__ptext30                    text30       000D50
__ptext4                     text4        001438
__ptext5                     text5        000EDA
__ptext6                     text6        0011FA
__ptext7                     text7        001890
__ptext8                     text8        00160E
__ptext9                     text9        00158A
__ramtop                     ramtop       000800
__size_of_C_DOOR_Init        (abs)        000000
__size_of_C_DOOR_LockAll     (abs)        000000
__size_of_C_DOOR_ReadSensors (abs)        000000
__size_of_C_DOOR_SendStates  (abs)        000000
__size_of_C_DOOR_UnlockAll   (abs)        000000
__size_of_D_PORT_Init        (abs)        000000
__size_of_D_PWM_Init         (abs)        000000
__size_of_D_PWM_SetPwm       (abs)        000000
__size_of_D_TMR0_Enable      (abs)        000000
__size_of_D_TMR0_Init        (abs)        000000
__size_of_D_TMR1_Enable      (abs)        000000
__size_of_D_TMR1_Init        (abs)        000000
__size_of_D_UART_Acknowledge (abs)        000000
__size_of_D_UART_Enable      (abs)        000000
__size_of_D_UART_Init        (abs)        000000
__size_of_D_UART_Read        (abs)        000000
__size_of_D_UART_Write       (abs)        000000
__size_of_D_UART_WriteInt    (abs)        000000
__size_of_HighISR            (abs)        000000
__size_of_LowISR             (abs)        000000
__size_of___lldiv            (abs)        000000
__size_of___lwdiv            (abs)        000000
__size_of___lwmod            (abs)        000000
__size_of_commandAndMessage  (abs)        000000
__size_of_fillDataBuffer     (abs)        000000
__size_of_initDoors          (abs)        000000
__size_of_main               (abs)        000000
__size_of_printf             (abs)        000000
__size_of_putch              (abs)        000000
__size_of_setAlarm           (abs)        000000
__size_of_strcmp             (abs)        000000
__smallconst                 smallconst   000800
_ackCharacter                dataBANK0    0000F1
_baud                        bssCOMRAM    000043
_commandAndMessage           text21       0016FC
_communicationCnt            bssCOMRAM    000040
_deviceName                  bssBANK0     0000C4
_door_cnt                    bssCOMRAM    000037
_doors                       bssBANK0     000060
_dpowers                     smallconst   000801
_fillDataBuffer              text30       000D50
_hexpowers                   smallconst   00080B
_initDoors                   text3        00195E
_ledDelayCnt                 bssCOMRAM    00003F
_lock                        bssCOMRAM    00003D
_lockDelayCnt                bssCOMRAM    000041
_main                        text0        00084A
_messageCharacter            dataBANK0    0000F3
_newAlarm                    bssCOMRAM    00003A
_oldAlarm                    bssCOMRAM    000039
_printf                      text23       000AF8
_putch                       text24       0018EE
_pwm                         bssCOMRAM    00003B
_read                        bssCOMRAM    000029
_readBuffer                  bssBANK1     000100
_readData                    bssCOMRAM    000030
_readReady                   bssCOMRAM    000042
_running                     bssCOMRAM    00003C
_setAlarm                    text2        001A04
_startCharacter              dataBANK0    0000F7
_stopCharacter               dataBANK0    0000F5
_strcmp                      text1        0017FE
_tick                        bssCOMRAM    00003E
btemp                        temp         000044
commandAndMessage@com        cstackBANK0  0000D1
commandAndMessage@door       cstackBANK0  0000C7
commandAndMessage@mes        cstackBANK0  0000D3
end_of_initialization        cinit        0017F4
fillDataBuffer@data          cstackCOMRAM 000001
initDoors@door_cnt           cstackBANK0  0000D0
int$flags                    temp         000044
int_func                     intcode_body 0012CE
intlevel0                    text         000000
intlevel1                    text         000000
intlevel2                    text         000000
intlevel3                    text         000000
printf@ap                    cstackBANK0  0000DA
printf@c                     cstackBANK0  0000E0
printf@f                     cstackBANK0  0000D3
printf@flag                  cstackBANK0  0000DD
printf@idx                   cstackBANK0  0000D9
printf@prec                  cstackBANK0  0000DC
printf@val                   cstackBANK0  0000DE
putch@data                   cstackBANK0  0000C7
putch@max                    cstackBANK0  0000C8
setAlarm@alarm               cstackBANK0  0000C7
stackhi                      (abs)        0007FF
stacklo                      (abs)        000400
start                        init         0000EC
start_initialization         cinit        0017B0
strcmp@r                     cstackBANK0  0000CC
strcmp@s1                    cstackBANK0  0000C7
strcmp@s2                    cstackBANK0  0000C9
wtemp6                       temp         000045


FUNCTION INFORMATION:

 *************** function _main *****************
 Defined at:
		line 63 in file "main.c"
 Parameters:    Size  Location     Type
		None
 Auto vars:     Size  Location     Type
		None
 Return value:  Size  Location     Type
                  1    wreg      void 
 Registers used:
		wreg, fsr0l, fsr0h, fsr1l, fsr1h, fsr2l, fsr2h, status,2, status,0, tblptrl, tblptrh, tblptru, prodl, prodh, cstack
 Tracked objects:
		On entry : 
		On exit  : 
		Unchanged: 
 Data sizes:     COMRAM   BANK0   BANK1   BANK2   BANK3   BANK4   BANK5   BANK6   BANK7
      Params:         0       0       0       0       0       0       0       0       0
      Locals:         0       0       0       0       0       0       0       0       0
      Temps:          0       2       0       0       0       0       0       0       0
      Totals:         0       2       0       0       0       0       0       0       0
Total ram usage:        2 bytes
 Hardware stack levels required when called:    7
 This function calls:
		_C_DOOR_LockAll
		_C_DOOR_ReadSensors
		_C_DOOR_SendStates
		_C_DOOR_UnlockAll
		_D_PORT_Init
		_D_PWM_Init
		_D_PWM_SetPwm
		_D_TMR0_Init
		_D_TMR1_Enable
		_D_TMR1_Init
		_D_UART_Acknowledge
		_D_UART_Enable
		_D_UART_Init
		_D_UART_Read
		_D_UART_Write
		_D_UART_WriteInt
		_initDoors
		_setAlarm
		_strcmp
 This function is called by:
		Startup code after reset
 This function uses a non-reentrant model


 *************** function _strcmp *****************
 Defined at:
		line 33 in file "C:\Program Files (x86)\Microchip\xc8\v1.44\sources\common\strcmp.c"
 Parameters:    Size  Location     Type
  s1              2    0[BANK0 ] PTR const unsigned char 
		 -> readBuffer(166), 
  s2              2    2[BANK0 ] PTR const unsigned char 
		 -> STR_18(2), STR_16(2), STR_15(2), STR_14(2), 
		 -> STR_13(2), STR_12(2), 
 Auto vars:     Size  Location     Type
  r               1    5[BANK0 ] char 
 Return value:  Size  Location     Type
                  2    0[BANK0 ] int 
 Registers used:
		wreg, fsr2l, fsr2h, status,2, status,0, tblptrl, tblptrh, tblptru
 Tracked objects:
		On entry : 
		On exit  : 
		Unchanged: 
 Data sizes:     COMRAM   BANK0   BANK1   BANK2   BANK3   BANK4   BANK5   BANK6   BANK7
      Params:         0       4       0       0       0       0       0       0       0
      Locals:         0       1       0       0       0       0       0       0       0
      Temps:          0       1       0       0       0       0       0       0       0
      Totals:         0       6       0       0       0       0       0       0       0
Total ram usage:        6 bytes
 Hardware stack levels used:    1
 Hardware stack levels required when called:    3
 This function calls:
		Nothing
 This function is called by:
		_main
 This function uses a non-reentrant model


 *************** function _setAlarm *****************
 Defined at:
		line 59 in file "main.c"
 Parameters:    Size  Location     Type
  alarm           1    wreg     unsigned char 
 Auto vars:     Size  Location     Type
  alarm           1    0[BANK0 ] unsigned char 
 Return value:  Size  Location     Type
                  1    wreg      void 
 Registers used:
		wreg
 Tracked objects:
		On entry : 
		On exit  : 
		Unchanged: 
 Data sizes:     COMRAM   BANK0   BANK1   BANK2   BANK3   BANK4   BANK5   BANK6   BANK7
      Params:         0       0       0       0       0       0       0       0       0
      Locals:         0       1       0       0       0       0       0       0       0
      Temps:          0       0       0       0       0       0       0       0       0
      Totals:         0       1       0       0       0       0       0       0       0
Total ram usage:        1 bytes
 Hardware stack levels used:    1
 Hardware stack levels required when called:    3
 This function calls:
		Nothing
 This function is called by:
		_main
 This function uses a non-reentrant model


 *************** function _initDoors *****************
 Defined at:
		line 47 in file "main.c"
 Parameters:    Size  Location     Type
  door_cnt        1    wreg     unsigned char 
 Auto vars:     Size  Location     Type
  door_cnt        1    9[BANK0 ] unsigned char 
 Return value:  Size  Location     Type
                  1    wreg      void 
 Registers used:
		wreg, fsr2l, fsr2h, status,2, status,0, prodl, prodh, cstack
 Tracked objects:
		On entry : 
		On exit  : 
		Unchanged: 
 Data sizes:     COMRAM   BANK0   BANK1   BANK2   BANK3   BANK4   BANK5   BANK6   BANK7
      Params:         0       0       0       0       0       0       0       0       0
      Locals:         0       1       0       0       0       0       0       0       0
      Temps:          0       0       0       0       0       0       0       0       0
      Totals:         0       1       0       0       0       0       0       0       0
Total ram usage:        1 bytes
 Hardware stack levels used:    1
 Hardware stack levels required when called:    4
 This function calls:
		_C_DOOR_Init
		_C_DOOR_LockAll
		_D_TMR0_Enable
 This function is called by:
		_main
 This function uses a non-reentrant model


 *************** function _C_DOOR_LockAll *****************
 Defined at:
		line 79 in file "Controllers/DOOR_Controller.c"
 Parameters:    Size  Location     Type
		None
 Auto vars:     Size  Location     Type
  d               1    8[BANK0 ] unsigned char 
 Return value:  Size  Location     Type
                  1    wreg      void 
 Registers used:
		wreg, fsr2l, fsr2h, status,2, status,0, prodl, prodh
 Tracked objects:
		On entry : 
		On exit  : 
		Unchanged: 
 Data sizes:     COMRAM   BANK0   BANK1   BANK2   BANK3   BANK4   BANK5   BANK6   BANK7
      Params:         0       0       0       0       0       0       0       0       0
      Locals:         0       1       0       0       0       0       0       0       0
      Temps:          0       8       0       0       0       0       0       0       0
      Totals:         0       9       0       0       0       0       0       0       0
Total ram usage:        9 bytes
 Hardware stack levels used:    1
 Hardware stack levels required when called:    3
 This function calls:
		Nothing
 This function is called by:
		_initDoors
		_main
 This function uses a non-reentrant model


 *************** function _C_DOOR_Init *****************
 Defined at:
		line 49 in file "Controllers/DOOR_Controller.c"
 Parameters:    Size  Location     Type
  cnt             1    wreg     unsigned char 
 Auto vars:     Size  Location     Type
  cnt             1    3[BANK0 ] unsigned char 
  d               1    4[BANK0 ] unsigned char 
 Return value:  Size  Location     Type
                  1    wreg      void 
 Registers used:
		wreg, fsr2l, fsr2h, status,2, status,0, prodl, prodh
 Tracked objects:
		On entry : 
		On exit  : 
		Unchanged: 
 Data sizes:     COMRAM   BANK0   BANK1   BANK2   BANK3   BANK4   BANK5   BANK6   BANK7
      Params:         0       0       0       0       0       0       0       0       0
      Locals:         0       2       0       0       0       0       0       0       0
      Temps:          0       3       0       0       0       0       0       0       0
      Totals:         0       5       0       0       0       0       0       0       0
Total ram usage:        5 bytes
 Hardware stack levels used:    1
 Hardware stack levels required when called:    3
 This function calls:
		Nothing
 This function is called by:
		_initDoors
 This function uses a non-reentrant model


 *************** function _D_UART_WriteInt *****************
 Defined at:
		line 220 in file "Drivers/UART_Driver.c"
 Parameters:    Size  Location     Type
  command         2   26[BANK0 ] PTR const unsigned char 
		 -> STR_17(2), 
  d               2   28[BANK0 ] int 
 Auto vars:     Size  Location     Type
		None
 Return value:  Size  Location     Type
                  1    wreg      void 
 Registers used:
		wreg, fsr0l, fsr0h, fsr2l, fsr2h, status,2, status,0, tblptrl, tblptrh, tblptru, prodl, prodh, cstack
 Tracked objects:
		On entry : 
		On exit  : 
		Unchanged: 
 Data sizes:     COMRAM   BANK0   BANK1   BANK2   BANK3   BANK4   BANK5   BANK6   BANK7
      Params:         0       4       0       0       0       0       0       0       0
      Locals:         0       0       0       0       0       0       0       0       0
      Temps:          0       1       0       0       0       0       0       0       0
      Totals:         0       5       0       0       0       0       0       0       0
Total ram usage:        5 bytes
 Hardware stack levels used:    1
 Hardware stack levels required when called:    5
 This function calls:
		_printf
 This function is called by:
		_main
 This function uses a non-reentrant model


 *************** function _D_UART_Read *****************
 Defined at:
		line 234 in file "Drivers/UART_Driver.c"
 Parameters:    Size  Location     Type
		None
 Auto vars:     Size  Location     Type
		None
 Return value:  Size  Location     Type
                  7    0[BANK0 ] struct .
 Registers used:
		wreg, fsr0l, fsr0h, fsr2l, fsr2h, status,2, status,0
 Tracked objects:
		On entry : 
		On exit  : 
		Unchanged: 
 Data sizes:     COMRAM   BANK0   BANK1   BANK2   BANK3   BANK4   BANK5   BANK6   BANK7
      Params:         0       7       0       0       0       0       0       0       0
      Locals:         0       0       0       0       0       0       0       0       0
      Temps:          0       0       0       0       0       0       0       0       0
      Totals:         0       7       0       0       0       0       0       0       0
Total ram usage:        7 bytes
 Hardware stack levels used:    1
 Hardware stack levels required when called:    3
 This function calls:
		Nothing
 This function is called by:
		_main
 This function uses a non-reentrant model


 *************** function _D_UART_Init *****************
 Defined at:
		line 166 in file "Drivers/UART_Driver.c"
 Parameters:    Size  Location     Type
  name            2   13[BANK0 ] PTR const unsigned char 
		 -> STR_11(2), 
  baud            2   15[BANK0 ] unsigned int 
  interrupts      1   17[BANK0 ] unsigned char 
 Auto vars:     Size  Location     Type
		None
 Return value:  Size  Location     Type
                  1    wreg      void 
 Registers used:
		wreg, status,2, status,0, cstack
 Tracked objects:
		On entry : 
		On exit  : 
		Unchanged: 
 Data sizes:     COMRAM   BANK0   BANK1   BANK2   BANK3   BANK4   BANK5   BANK6   BANK7
      Params:         0       5       0       0       0       0       0       0       0
      Locals:         0       0       0       0       0       0       0       0       0
      Temps:          0       0       0       0       0       0       0       0       0
      Totals:         0       5       0       0       0       0       0       0       0
Total ram usage:        5 bytes
 Hardware stack levels used:    1
 Hardware stack levels required when called:    4
 This function calls:
		_D_UART_Enable
		___lldiv
 This function is called by:
		_main
 This function uses a non-reentrant model


 *************** function ___lldiv *****************
 Defined at:
		line 8 in file "C:\Program Files (x86)\Microchip\xc8\v1.44\sources\common\lldiv.c"
 Parameters:    Size  Location     Type
  dividend        4    0[BANK0 ] unsigned long 
  divisor         4    4[BANK0 ] unsigned long 
 Auto vars:     Size  Location     Type
  quotient        4    8[BANK0 ] unsigned long 
  counter         1   12[BANK0 ] unsigned char 
 Return value:  Size  Location     Type
                  4    0[BANK0 ] unsigned long 
 Registers used:
		wreg, status,2, status,0
 Tracked objects:
		On entry : 
		On exit  : 
		Unchanged: 
 Data sizes:     COMRAM   BANK0   BANK1   BANK2   BANK3   BANK4   BANK5   BANK6   BANK7
      Params:         0       8       0       0       0       0       0       0       0
      Locals:         0       5       0       0       0       0       0       0       0
      Temps:          0       0       0       0       0       0       0       0       0
      Totals:         0      13       0       0       0       0       0       0       0
Total ram usage:       13 bytes
 Hardware stack levels used:    1
 Hardware stack levels required when called:    3
 This function calls:
		Nothing
 This function is called by:
		_D_UART_Init
 This function uses a non-reentrant model


 *************** function _D_UART_Enable *****************
 Defined at:
		line 242 in file "Drivers/UART_Driver.c"
 Parameters:    Size  Location     Type
  enable          1    wreg     unsigned char 
 Auto vars:     Size  Location     Type
  enable          1    0[BANK0 ] unsigned char 
 Return value:  Size  Location     Type
                  1    wreg      void 
 Registers used:
		wreg, status,2
 Tracked objects:
		On entry : 
		On exit  : 
		Unchanged: 
 Data sizes:     COMRAM   BANK0   BANK1   BANK2   BANK3   BANK4   BANK5   BANK6   BANK7
      Params:         0       0       0       0       0       0       0       0       0
      Locals:         0       1       0       0       0       0       0       0       0
      Temps:          0       0       0       0       0       0       0       0       0
      Totals:         0       1       0       0       0       0       0       0       0
Total ram usage:        1 bytes
 Hardware stack levels used:    1
 Hardware stack levels required when called:    3
 This function calls:
		Nothing
 This function is called by:
		_D_UART_Init
		_main
 This function uses a non-reentrant model


 *************** function _D_UART_Acknowledge *****************
 Defined at:
		line 289 in file "Drivers/UART_Driver.c"
 Parameters:    Size  Location     Type
  i               1    wreg     unsigned char 
 Auto vars:     Size  Location     Type
  i               1   26[BANK0 ] unsigned char 
 Return value:  Size  Location     Type
                  1    wreg      void 
 Registers used:
		wreg, fsr0l, fsr0h, fsr2l, fsr2h, status,2, status,0, tblptrl, tblptrh, tblptru, prodl, prodh, cstack
 Tracked objects:
		On entry : 
		On exit  : 
		Unchanged: 
 Data sizes:     COMRAM   BANK0   BANK1   BANK2   BANK3   BANK4   BANK5   BANK6   BANK7
      Params:         0       0       0       0       0       0       0       0       0
      Locals:         0       1       0       0       0       0       0       0       0
      Temps:          0       0       0       0       0       0       0       0       0
      Totals:         0       1       0       0       0       0       0       0       0
Total ram usage:        1 bytes
 Hardware stack levels used:    1
 Hardware stack levels required when called:    5
 This function calls:
		_printf
 This function is called by:
		_main
 This function uses a non-reentrant model


 *************** function _D_TMR1_Init *****************
 Defined at:
		line 31 in file "Drivers/TMR1_Driver.c"
 Parameters:    Size  Location     Type
		None
 Auto vars:     Size  Location     Type
		None
 Return value:  Size  Location     Type
                  1    wreg      void 
 Registers used:
		wreg, status,2, cstack
 Tracked objects:
		On entry : 
		On exit  : 
		Unchanged: 
 Data sizes:     COMRAM   BANK0   BANK1   BANK2   BANK3   BANK4   BANK5   BANK6   BANK7
      Params:         0       0       0       0       0       0       0       0       0
      Locals:         0       0       0       0       0       0       0       0       0
      Temps:          0       0       0       0       0       0       0       0       0
      Totals:         0       0       0       0       0       0       0       0       0
Total ram usage:        0 bytes
 Hardware stack levels used:    1
 Hardware stack levels required when called:    4
 This function calls:
		_D_TMR1_Enable
 This function is called by:
		_main
 This function uses a non-reentrant model


 *************** function _D_TMR1_Enable *****************
 Defined at:
		line 52 in file "Drivers/TMR1_Driver.c"
 Parameters:    Size  Location     Type
  enable          1    wreg     unsigned char 
 Auto vars:     Size  Location     Type
  enable          1    0[BANK0 ] unsigned char 
 Return value:  Size  Location     Type
                  1    wreg      void 
 Registers used:
		wreg, status,2
 Tracked objects:
		On entry : 
		On exit  : 
		Unchanged: 
 Data sizes:     COMRAM   BANK0   BANK1   BANK2   BANK3   BANK4   BANK5   BANK6   BANK7
      Params:         0       0       0       0       0       0       0       0       0
      Locals:         0       1       0       0       0       0       0       0       0
      Temps:          0       0       0       0       0       0       0       0       0
      Totals:         0       1       0       0       0       0       0       0       0
Total ram usage:        1 bytes
 Hardware stack levels used:    1
 Hardware stack levels required when called:    3
 This function calls:
		Nothing
 This function is called by:
		_D_TMR1_Init
		_main
 This function uses a non-reentrant model


 *************** function _D_TMR0_Init *****************
 Defined at:
		line 31 in file "Drivers/TMR0_Driver.c"
 Parameters:    Size  Location     Type
		None
 Auto vars:     Size  Location     Type
		None
 Return value:  Size  Location     Type
                  1    wreg      void 
 Registers used:
		wreg, status,2, cstack
 Tracked objects:
		On entry : 
		On exit  : 
		Unchanged: 
 Data sizes:     COMRAM   BANK0   BANK1   BANK2   BANK3   BANK4   BANK5   BANK6   BANK7
      Params:         0       0       0       0       0       0       0       0       0
      Locals:         0       0       0       0       0       0       0       0       0
      Temps:          0       0       0       0       0       0       0       0       0
      Totals:         0       0       0       0       0       0       0       0       0
Total ram usage:        0 bytes
 Hardware stack levels used:    1
 Hardware stack levels required when called:    4
 This function calls:
		_D_TMR0_Enable
 This function is called by:
		_main
 This function uses a non-reentrant model


 *************** function _D_TMR0_Enable *****************
 Defined at:
		line 53 in file "Drivers/TMR0_Driver.c"
 Parameters:    Size  Location     Type
  enable          1    wreg     unsigned char 
 Auto vars:     Size  Location     Type
  enable          1    0[BANK0 ] unsigned char 
 Return value:  Size  Location     Type
                  1    wreg      void 
 Registers used:
		wreg, status,2
 Tracked objects:
		On entry : 
		On exit  : 
		Unchanged: 
 Data sizes:     COMRAM   BANK0   BANK1   BANK2   BANK3   BANK4   BANK5   BANK6   BANK7
      Params:         0       0       0       0       0       0       0       0       0
      Locals:         0       1       0       0       0       0       0       0       0
      Temps:          0       0       0       0       0       0       0       0       0
      Totals:         0       1       0       0       0       0       0       0       0
Total ram usage:        1 bytes
 Hardware stack levels used:    1
 Hardware stack levels required when called:    3
 This function calls:
		Nothing
 This function is called by:
		_D_TMR0_Init
		_initDoors
 This function uses a non-reentrant model


 *************** function _D_PWM_SetPwm *****************
 Defined at:
		line 44 in file "Drivers/PWM_Driver.c"
 Parameters:    Size  Location     Type
  pwm             1    wreg     unsigned char 
 Auto vars:     Size  Location     Type
  pwm             1    0[BANK0 ] unsigned char 
 Return value:  Size  Location     Type
                  1    wreg      void 
 Registers used:
		wreg, status,2
 Tracked objects:
		On entry : 
		On exit  : 
		Unchanged: 
 Data sizes:     COMRAM   BANK0   BANK1   BANK2   BANK3   BANK4   BANK5   BANK6   BANK7
      Params:         0       0       0       0       0       0       0       0       0
      Locals:         0       1       0       0       0       0       0       0       0
      Temps:          0       0       0       0       0       0       0       0       0
      Totals:         0       1       0       0       0       0       0       0       0
Total ram usage:        1 bytes
 Hardware stack levels used:    1
 Hardware stack levels required when called:    3
 This function calls:
		Nothing
 This function is called by:
		_main
 This function uses a non-reentrant model


 *************** function _D_PWM_Init *****************
 Defined at:
		line 31 in file "Drivers/PWM_Driver.c"
 Parameters:    Size  Location     Type
		None
 Auto vars:     Size  Location     Type
		None
 Return value:  Size  Location     Type
                  1    wreg      void 
 Registers used:
		wreg, status,2
 Tracked objects:
		On entry : 
		On exit  : 
		Unchanged: 
 Data sizes:     COMRAM   BANK0   BANK1   BANK2   BANK3   BANK4   BANK5   BANK6   BANK7
      Params:         0       0       0       0       0       0       0       0       0
      Locals:         0       0       0       0       0       0       0       0       0
      Temps:          0       0       0       0       0       0       0       0       0
      Totals:         0       0       0       0       0       0       0       0       0
Total ram usage:        0 bytes
 Hardware stack levels used:    1
 Hardware stack levels required when called:    3
 This function calls:
		Nothing
 This function is called by:
		_main
 This function uses a non-reentrant model


 *************** function _D_PORT_Init *****************
 Defined at:
		line 32 in file "Drivers/PORT_Driver.c"
 Parameters:    Size  Location     Type
		None
 Auto vars:     Size  Location     Type
		None
 Return value:  Size  Location     Type
                  1    wreg      void 
 Registers used:
		wreg, status,2
 Tracked objects:
		On entry : 
		On exit  : 
		Unchanged: 
 Data sizes:     COMRAM   BANK0   BANK1   BANK2   BANK3   BANK4   BANK5   BANK6   BANK7
      Params:         0       0       0       0       0       0       0       0       0
      Locals:         0       0       0       0       0       0       0       0       0
      Temps:          0       0       0       0       0       0       0       0       0
      Totals:         0       0       0       0       0       0       0       0       0
Total ram usage:        0 bytes
 Hardware stack levels used:    1
 Hardware stack levels required when called:    3
 This function calls:
		Nothing
 This function is called by:
		_main
 This function uses a non-reentrant model


 *************** function _C_DOOR_UnlockAll *****************
 Defined at:
		line 95 in file "Controllers/DOOR_Controller.c"
 Parameters:    Size  Location     Type
		None
 Auto vars:     Size  Location     Type
  d               1    8[BANK0 ] unsigned char 
 Return value:  Size  Location     Type
                  1    wreg      void 
 Registers used:
		wreg, fsr2l, fsr2h, status,2, status,0, prodl, prodh
 Tracked objects:
		On entry : 
		On exit  : 
		Unchanged: 
 Data sizes:     COMRAM   BANK0   BANK1   BANK2   BANK3   BANK4   BANK5   BANK6   BANK7
      Params:         0       0       0       0       0       0       0       0       0
      Locals:         0       1       0       0       0       0       0       0       0
      Temps:          0       8       0       0       0       0       0       0       0
      Totals:         0       9       0       0       0       0       0       0       0
Total ram usage:        9 bytes
 Hardware stack levels used:    1
 Hardware stack levels required when called:    3
 This function calls:
		Nothing
 This function is called by:
		_main
 This function uses a non-reentrant model


 *************** function _C_DOOR_SendStates *****************
 Defined at:
		line 109 in file "Controllers/DOOR_Controller.c"
 Parameters:    Size  Location     Type
		None
 Auto vars:     Size  Location     Type
  com             3   34[BANK0 ] unsigned char [3]
  mes             2   37[BANK0 ] unsigned char [2]
  d               1   39[BANK0 ] unsigned char 
 Return value:  Size  Location     Type
                  1    wreg      void 
 Registers used:
		wreg, fsr0l, fsr0h, fsr1l, fsr1h, fsr2l, fsr2h, status,2, status,0, tblptrl, tblptrh, tblptru, prodl, prodh, cstack
 Tracked objects:
		On entry : 
		On exit  : 
		Unchanged: 
 Data sizes:     COMRAM   BANK0   BANK1   BANK2   BANK3   BANK4   BANK5   BANK6   BANK7
      Params:         0       0       0       0       0       0       0       0       0
      Locals:         0       6       0       0       0       0       0       0       0
      Temps:          0       3       0       0       0       0       0       0       0
      Totals:         0       9       0       0       0       0       0       0       0
Total ram usage:        9 bytes
 Hardware stack levels used:    1
 Hardware stack levels required when called:    6
 This function calls:
		_D_UART_Write
		_commandAndMessage
 This function is called by:
		_main
 This function uses a non-reentrant model


 *************** function _commandAndMessage *****************
 Defined at:
		line 31 in file "Controllers/DOOR_Controller.c"
 Parameters:    Size  Location     Type
  door           10    0[BANK0 ] struct .
  com             2   10[BANK0 ] PTR unsigned char 
		 -> C_DOOR_SendStates@com(3), 
  mes             2   12[BANK0 ] PTR unsigned char 
		 -> C_DOOR_SendStates@mes(2), 
 Auto vars:     Size  Location     Type
		None
 Return value:  Size  Location     Type
                  1    wreg      void 
 Registers used:
		wreg, fsr2l, fsr2h, status,2, status,0
 Tracked objects:
		On entry : 
		On exit  : 
		Unchanged: 
 Data sizes:     COMRAM   BANK0   BANK1   BANK2   BANK3   BANK4   BANK5   BANK6   BANK7
      Params:         0      14       0       0       0       0       0       0       0
      Locals:         0       0       0       0       0       0       0       0       0
      Temps:          0       0       0       0       0       0       0       0       0
      Totals:         0      14       0       0       0       0       0       0       0
Total ram usage:       14 bytes
 Hardware stack levels used:    1
 Hardware stack levels required when called:    3
 This function calls:
		Nothing
 This function is called by:
		_C_DOOR_SendStates
 This function uses a non-reentrant model


 *************** function _D_UART_Write *****************
 Defined at:
		line 206 in file "Drivers/UART_Driver.c"
 Parameters:    Size  Location     Type
  command         2   26[BANK0 ] PTR const unsigned char 
		 -> STR_19(2), C_DOOR_SendStates@com(3), 
  data            2   28[BANK0 ] PTR const unsigned char 
		 -> STR_20(2), C_DOOR_SendStates@mes(2), 
 Auto vars:     Size  Location     Type
		None
 Return value:  Size  Location     Type
                  1    wreg      void 
 Registers used:
		wreg, fsr0l, fsr0h, fsr2l, fsr2h, status,2, status,0, tblptrl, tblptrh, tblptru, prodl, prodh, cstack
 Tracked objects:
		On entry : 
		On exit  : 
		Unchanged: 
 Data sizes:     COMRAM   BANK0   BANK1   BANK2   BANK3   BANK4   BANK5   BANK6   BANK7
      Params:         0       4       0       0       0       0       0       0       0
      Locals:         0       0       0       0       0       0       0       0       0
      Temps:          0       1       0       0       0       0       0       0       0
      Totals:         0       5       0       0       0       0       0       0       0
Total ram usage:        5 bytes
 Hardware stack levels used:    1
 Hardware stack levels required when called:    5
 This function calls:
		_printf
 This function is called by:
		_C_DOOR_SendStates
		_main
 This function uses a non-reentrant model


 *************** function _printf *****************
 Defined at:
		line 464 in file "C:\Program Files (x86)\Microchip\xc8\v1.44\sources\common\doprnt.c"
 Parameters:    Size  Location     Type
  f               3   12[BANK0 ] PTR const unsigned char 
		 -> STR_20(2), STR_19(2), STR_17(2), STR_11(2), 
		 -> STR_10(3), STR_9(3), STR_8(2), STR_7(2), 
		 -> STR_6(2), STR_5(2), STR_4(4), STR_3(4), 
		 -> ROM(32767), STR_2(2), STR_1(2), C_DOOR_SendStates@mes(2), 
		 -> C_DOOR_SendStates@com(3), 
 Auto vars:     Size  Location     Type
  idx             1   18[BANK0 ] unsigned char 
  tmpval          4    0        struct .
  cp              3    0        PTR const unsigned char 
  val             2   23[BANK0 ] unsigned int 
  ap              2   19[BANK0 ] PTR void [1]
		 -> ?_printf(2), 
  len             2    0        unsigned int 
  c               1   25[BANK0 ] char 
  flag            1   22[BANK0 ] unsigned char 
  prec            1   21[BANK0 ] char 
 Return value:  Size  Location     Type
                  2   12[BANK0 ] int 
 Registers used:
		wreg, fsr0l, fsr0h, fsr2l, fsr2h, status,2, status,0, tblptrl, tblptrh, tblptru, prodl, prodh, cstack
 Tracked objects:
		On entry : 
		On exit  : 
		Unchanged: 
 Data sizes:     COMRAM   BANK0   BANK1   BANK2   BANK3   BANK4   BANK5   BANK6   BANK7
      Params:         0       5       0       0       0       0       0       0       0
      Locals:         0       8       0       0       0       0       0       0       0
      Temps:          0       1       0       0       0       0       0       0       0
      Totals:         0      14       0       0       0       0       0       0       0
Total ram usage:       14 bytes
 Hardware stack levels used:    1
 Hardware stack levels required when called:    4
 This function calls:
		___lwdiv
		___lwmod
		_putch
 This function is called by:
		_D_UART_Write
		_D_UART_WriteInt
		_D_UART_Acknowledge
 This function uses a non-reentrant model


 *************** function _putch *****************
 Defined at:
		line 258 in file "Drivers/UART_Driver.c"
 Parameters:    Size  Location     Type
  data            1    wreg     unsigned char 
 Auto vars:     Size  Location     Type
  data            1    0[BANK0 ] unsigned char 
  max             1    1[BANK0 ] unsigned char 
 Return value:  Size  Location     Type
                  1    wreg      void 
 Registers used:
		wreg, status,2, status,0, cstack
 Tracked objects:
		On entry : 
		On exit  : 
		Unchanged: 
 Data sizes:     COMRAM   BANK0   BANK1   BANK2   BANK3   BANK4   BANK5   BANK6   BANK7
      Params:         0       0       0       0       0       0       0       0       0
      Locals:         0       2       0       0       0       0       0       0       0
      Temps:          0       0       0       0       0       0       0       0       0
      Totals:         0       2       0       0       0       0       0       0       0
Total ram usage:        2 bytes
 Hardware stack levels used:    1
 Hardware stack levels required when called:    3
 This function calls:
		Nothing
 This function is called by:
		_printf
 This function uses a non-reentrant model


 *************** function ___lwmod *****************
 Defined at:
		line 8 in file "C:\Program Files (x86)\Microchip\xc8\v1.44\sources\common\lwmod.c"
 Parameters:    Size  Location     Type
  dividend        2    7[BANK0 ] unsigned int 
  divisor         2    9[BANK0 ] unsigned int 
 Auto vars:     Size  Location     Type
  counter         1   11[BANK0 ] unsigned char 
 Return value:  Size  Location     Type
                  2    7[BANK0 ] unsigned int 
 Registers used:
		wreg, status,2, status,0
 Tracked objects:
		On entry : 
		On exit  : 
		Unchanged: 
 Data sizes:     COMRAM   BANK0   BANK1   BANK2   BANK3   BANK4   BANK5   BANK6   BANK7
      Params:         0       4       0       0       0       0       0       0       0
      Locals:         0       1       0       0       0       0       0       0       0
      Temps:          0       0       0       0       0       0       0       0       0
      Totals:         0       5       0       0       0       0       0       0       0
Total ram usage:        5 bytes
 Hardware stack levels used:    1
 Hardware stack levels required when called:    3
 This function calls:
		Nothing
 This function is called by:
		_printf
 This function uses a non-reentrant model


 *************** function ___lwdiv *****************
 Defined at:
		line 8 in file "C:\Program Files (x86)\Microchip\xc8\v1.44\sources\common\lwdiv.c"
 Parameters:    Size  Location     Type
  dividend        2    0[BANK0 ] unsigned int 
  divisor         2    2[BANK0 ] unsigned int 
 Auto vars:     Size  Location     Type
  quotient        2    5[BANK0 ] unsigned int 
  counter         1    4[BANK0 ] unsigned char 
 Return value:  Size  Location     Type
                  2    0[BANK0 ] unsigned int 
 Registers used:
		wreg, status,2, status,0
 Tracked objects:
		On entry : 
		On exit  : 
		Unchanged: 
 Data sizes:     COMRAM   BANK0   BANK1   BANK2   BANK3   BANK4   BANK5   BANK6   BANK7
      Params:         0       4       0       0       0       0       0       0       0
      Locals:         0       3       0       0       0       0       0       0       0
      Temps:          0       0       0       0       0       0       0       0       0
      Totals:         0       7       0       0       0       0       0       0       0
Total ram usage:        7 bytes
 Hardware stack levels used:    1
 Hardware stack levels required when called:    3
 This function calls:
		Nothing
 This function is called by:
		_printf
 This function uses a non-reentrant model


 *************** function _C_DOOR_ReadSensors *****************
 Defined at:
		line 102 in file "Controllers/DOOR_Controller.c"
 Parameters:    Size  Location     Type
		None
 Auto vars:     Size  Location     Type
  d               1    4[BANK0 ] unsigned char 
 Return value:  Size  Location     Type
                  1    wreg      void 
 Registers used:
		wreg, fsr1l, fsr1h, fsr2l, fsr2h, status,2, status,0, prodl, prodh
 Tracked objects:
		On entry : 
		On exit  : 
		Unchanged: 
 Data sizes:     COMRAM   BANK0   BANK1   BANK2   BANK3   BANK4   BANK5   BANK6   BANK7
      Params:         0       0       0       0       0       0       0       0       0
      Locals:         0       1       0       0       0       0       0       0       0
      Temps:          0       4       0       0       0       0       0       0       0
      Totals:         0       5       0       0       0       0       0       0       0
Total ram usage:        5 bytes
 Hardware stack levels used:    1
 Hardware stack levels required when called:    3
 This function calls:
		Nothing
 This function is called by:
		_main
 This function uses a non-reentrant model


 *************** function _LowISR *****************
 Defined at:
		line 209 in file "main.c"
 Parameters:    Size  Location     Type
		None
 Auto vars:     Size  Location     Type
		None
 Return value:  Size  Location     Type
                  1    wreg      void 
 Registers used:
		wreg, status,2, status,0
 Tracked objects:
		On entry : 
		On exit  : 
		Unchanged: 
 Data sizes:     COMRAM   BANK0   BANK1   BANK2   BANK3   BANK4   BANK5   BANK6   BANK7
      Params:         0       0       0       0       0       0       0       0       0
      Locals:         0       0       0       0       0       0       0       0       0
      Temps:         21       0       0       0       0       0       0       0       0
      Totals:        21       0       0       0       0       0       0       0       0
Total ram usage:       21 bytes
 Hardware stack levels used:    1
 Hardware stack levels required when called:    2
 This function calls:
		Nothing
 This function is called by:
		Interrupt level 1
 This function uses a non-reentrant model


 *************** function _HighISR *****************
 Defined at:
		line 270 in file "Drivers/UART_Driver.c"
 Parameters:    Size  Location     Type
		None
 Auto vars:     Size  Location     Type
		None
 Return value:  Size  Location     Type
                  1    wreg      void 
 Registers used:
		wreg, fsr2l, fsr2h, status,2, status,0, prodl, prodh, cstack
 Tracked objects:
		On entry : 
		On exit  : 
		Unchanged: 
 Data sizes:     COMRAM   BANK0   BANK1   BANK2   BANK3   BANK4   BANK5   BANK6   BANK7
      Params:         0       0       0       0       0       0       0       0       0
      Locals:         0       0       0       0       0       0       0       0       0
      Temps:         18       0       0       0       0       0       0       0       0
      Totals:        18       0       0       0       0       0       0       0       0
Total ram usage:       18 bytes
 Hardware stack levels used:    1
 Hardware stack levels required when called:    1
 This function calls:
		_fillDataBuffer
 This function is called by:
		Interrupt level 2
 This function uses a non-reentrant model


 *************** function _fillDataBuffer *****************
 Defined at:
		line 68 in file "Drivers/UART_Driver.c"
 Parameters:    Size  Location     Type
  data            1    wreg     unsigned char 
 Auto vars:     Size  Location     Type
  data            1    0[COMRAM] unsigned char 
 Return value:  Size  Location     Type
                  1    wreg      void 
 Registers used:
		wreg, fsr2l, fsr2h, status,2, status,0, prodl, prodh
 Tracked objects:
		On entry : 
		On exit  : 
		Unchanged: 
 Data sizes:     COMRAM   BANK0   BANK1   BANK2   BANK3   BANK4   BANK5   BANK6   BANK7
      Params:         0       0       0       0       0       0       0       0       0
      Locals:         1       0       0       0       0       0       0       0       0
      Temps:          0       0       0       0       0       0       0       0       0
      Totals:         1       0       0       0       0       0       0       0       0
Total ram usage:        1 bytes
 Hardware stack levels used:    1
 This function calls:
		Nothing
 This function is called by:
		_HighISR
 This function uses a non-reentrant model



MODULE INFORMATION

Module		Function		Class		Link	Load	Size
C:\Program Files (x86)\Microchip\xc8\v1.44\sources\common\strcmp.c
		_strcmp        		CODE           	17FE	0000	79

C:\Program Files (x86)\Microchip\xc8\v1.44\sources\common\strcmp.c estimated size: 79

C:\Program Files (x86)\Microchip\xc8\v1.44\sources\common\lwmod.c
		___lwmod       		CODE           	184C	0000	69

C:\Program Files (x86)\Microchip\xc8\v1.44\sources\common\lwmod.c estimated size: 69

Drivers/PORT_Driver.c
		_D_PORT_Init   		CODE           	19BE	0000	31

Drivers/PORT_Driver.c estimated size: 31

Drivers/TMR0_Driver.c
		_D_TMR0_Init   		CODE           	193A	0000	37
		_D_TMR0_Enable 		CODE           	19F0	0000	21

Drivers/TMR0_Driver.c estimated size: 58

Controllers/DOOR_Controller.c
		_C_DOOR_SendStates		CODE           	102C	0000	239
		_commandAndMessage		CODE           	16FC	0000	97
		_C_DOOR_ReadSensors		CODE           	14EA	0000	161
		_C_DOOR_Init   		CODE           	0EDA	0000	339
		_C_DOOR_UnlockAll		CODE           	1384	0000	181
		_C_DOOR_LockAll		CODE           	1438	0000	179

Controllers/DOOR_Controller.c estimated size: 1196

Drivers/UART_Driver.c
		_D_UART_WriteInt		CODE           	11FA	0000	213
		_putch         		CODE           	18EE	0000	41
		_D_UART_Read   		CODE           	1890	0000	49
		_D_UART_Init   		CODE           	160E	0000	131
		_fillDataBuffer		CODE           	0D50	0000	395
		_D_UART_Write  		CODE           	111A	0000	225
		_D_UART_Enable 		CODE           	1916	0000	37
		_D_UART_Acknowledge		CODE           	1690	0000	109
		_HighISR       		CODE           	0008	0000	189

Drivers/UART_Driver.c estimated size: 1389

C:\Program Files (x86)\Microchip\xc8\v1.44\sources\common\lwdiv.c
		___lwdiv       		CODE           	175C	0000	85

C:\Program Files (x86)\Microchip\xc8\v1.44\sources\common\lwdiv.c estimated size: 85

C:\Program Files (x86)\Microchip\xc8\v1.44\sources\common\doprnt.c
		_printf        		CODE           	0AF8	0000	601

C:\Program Files (x86)\Microchip\xc8\v1.44\sources\common\doprnt.c estimated size: 601

C:\Program Files (x86)\Microchip\xc8\v1.44\sources\common\lldiv.c
		___lldiv       		CODE           	158A	0000	133

C:\Program Files (x86)\Microchip\xc8\v1.44\sources\common\lldiv.c estimated size: 133

Drivers/TMR1_Driver.c
		_D_TMR1_Init   		CODE           	1980	0000	33
		_D_TMR1_Enable 		CODE           	19DC	0000	21

Drivers/TMR1_Driver.c estimated size: 54

shared
		_dpowers       		SMALLCONST     	0801	0000	11
		__initialization		CODE           	17B0	0000	69
		_hexpowers     		SMALLCONST     	080B	0000	9

shared estimated size: 89

Drivers/PWM_Driver.c
		_D_PWM_SetPwm  		CODE           	18C0	0000	47
		_D_PWM_Init    		CODE           	19A0	0000	31

Drivers/PWM_Driver.c estimated size: 78

main.c
		_LowISR        		CODE           	0018	0000	213
		_main          		CODE           	084A	0000	687
		_initDoors     		CODE           	195E	0000	35
		_setAlarm      		CODE           	1A04	0000	11

main.c estimated size: 946

